// Jest Snapshot v1, https://goo.gl/fbAQLP

exports[`Profile renders 1`] = `
<div
  className="Profile"
>
  <div
    className="Profile-avatar"
  >
    <i
      className="material-icons"
    >
      account_circle
    </i>
  </div>
  <div
    className="Profile-username"
  >
    Guglielmo Marconi
  </div>
</div>
`;
