// Jest Snapshot v1, https://goo.gl/fbAQLP

exports[`TodoAdd renders 1`] = `
<div
  className="TodoAdd"
>
  <div
    className="row"
  >
    <div
      className="col s12"
    >
      <button
        className="btn-flat waves-effect"
        onClick={[Function]}
      >
        <i
          className="material-icons left"
        >
          add_circle
        </i>
        Add a to-do
      </button>
    </div>
  </div>
</div>
`;
