// Jest Snapshot v1, https://goo.gl/fbAQLP

exports[`TodoHeader renders 1`] = `
<div
  className="TodoHeader"
>
  <div
    className="no-collapsing-margins"
  >
    <div
      className="row"
    >
      <div
        className="col s12"
      >
        <h1>
          Team To-do List
        </h1>
        <p>
          It might be a date
        </p>
      </div>
    </div>
  </div>
</div>
`;
